Archive member included to satisfy reference by file (symbol)

/Applications/Ac6/SystemWorkbench.app/Contents/Eclipse/plugins/fr.ac6.mcu.externaltools.arm-none.macos64_1.13.0.201701121612/tools/compiler/bin/../lib/gcc/arm-none-eabi/5.4.1/armv6-m/libgcc.a(_thumb1_case_uqi.o)
                              StdPeriph_Driver/src/stm32f0xx_rcc.o (__gnu_thumb1_case_uqi)
/Applications/Ac6/SystemWorkbench.app/Contents/Eclipse/plugins/fr.ac6.mcu.externaltools.arm-none.macos64_1.13.0.201701121612/tools/compiler/bin/../lib/gcc/arm-none-eabi/5.4.1/armv6-m/libgcc.a(_udivsi3.o)
                              StdPeriph_Driver/src/stm32f0xx_rcc.o (__aeabi_uidiv)
/Applications/Ac6/SystemWorkbench.app/Contents/Eclipse/plugins/fr.ac6.mcu.externaltools.arm-none.macos64_1.13.0.201701121612/tools/compiler/bin/../lib/gcc/arm-none-eabi/5.4.1/armv6-m/libgcc.a(_divsi3.o)
                              src/usart1.o (__aeabi_idiv)
/Applications/Ac6/SystemWorkbench.app/Contents/Eclipse/plugins/fr.ac6.mcu.externaltools.arm-none.macos64_1.13.0.201701121612/tools/compiler/bin/../lib/gcc/arm-none-eabi/5.4.1/armv6-m/libgcc.a(_dvmd_tls.o)
                              /Applications/Ac6/SystemWorkbench.app/Contents/Eclipse/plugins/fr.ac6.mcu.externaltools.arm-none.macos64_1.13.0.201701121612/tools/compiler/bin/../lib/gcc/arm-none-eabi/5.4.1/armv6-m/libgcc.a(_udivsi3.o) (__aeabi_idiv0)
/Applications/Ac6/SystemWorkbench.app/Contents/Eclipse/plugins/fr.ac6.mcu.externaltools.arm-none.macos64_1.13.0.201701121612/tools/compiler/bin/../lib/gcc/arm-none-eabi/5.4.1/armv6-m/libgcc.a(_fixunsdfsi.o)
                              src/level1.o (__aeabi_d2uiz)
/Applications/Ac6/SystemWorkbench.app/Contents/Eclipse/plugins/fr.ac6.mcu.externaltools.arm-none.macos64_1.13.0.201701121612/tools/compiler/bin/../lib/gcc/arm-none-eabi/5.4.1/armv6-m/libgcc.a(divdf3.o)
                              src/level1.o (__aeabi_ddiv)
/Applications/Ac6/SystemWorkbench.app/Contents/Eclipse/plugins/fr.ac6.mcu.externaltools.arm-none.macos64_1.13.0.201701121612/tools/compiler/bin/../lib/gcc/arm-none-eabi/5.4.1/armv6-m/libgcc.a(subdf3.o)
                              /Applications/Ac6/SystemWorkbench.app/Contents/Eclipse/plugins/fr.ac6.mcu.externaltools.arm-none.macos64_1.13.0.201701121612/tools/compiler/bin/../lib/gcc/arm-none-eabi/5.4.1/armv6-m/libgcc.a(_fixunsdfsi.o) (__aeabi_dsub)
/Applications/Ac6/SystemWorkbench.app/Contents/Eclipse/plugins/fr.ac6.mcu.externaltools.arm-none.macos64_1.13.0.201701121612/tools/compiler/bin/../lib/gcc/arm-none-eabi/5.4.1/armv6-m/libgcc.a(fixdfsi.o)
                              /Applications/Ac6/SystemWorkbench.app/Contents/Eclipse/plugins/fr.ac6.mcu.externaltools.arm-none.macos64_1.13.0.201701121612/tools/compiler/bin/../lib/gcc/arm-none-eabi/5.4.1/armv6-m/libgcc.a(_fixunsdfsi.o) (__aeabi_d2iz)
/Applications/Ac6/SystemWorkbench.app/Contents/Eclipse/plugins/fr.ac6.mcu.externaltools.arm-none.macos64_1.13.0.201701121612/tools/compiler/bin/../lib/gcc/arm-none-eabi/5.4.1/armv6-m/libgcc.a(floatunsidf.o)
                              src/level1.o (__aeabi_ui2d)
/Applications/Ac6/SystemWorkbench.app/Contents/Eclipse/plugins/fr.ac6.mcu.externaltools.arm-none.macos64_1.13.0.201701121612/tools/compiler/bin/../lib/gcc/arm-none-eabi/5.4.1/armv6-m/libgcc.a(_arm_cmpdf2.o)
                              /Applications/Ac6/SystemWorkbench.app/Contents/Eclipse/plugins/fr.ac6.mcu.externaltools.arm-none.macos64_1.13.0.201701121612/tools/compiler/bin/../lib/gcc/arm-none-eabi/5.4.1/armv6-m/libgcc.a(_fixunsdfsi.o) (__aeabi_dcmpge)
/Applications/Ac6/SystemWorkbench.app/Contents/Eclipse/plugins/fr.ac6.mcu.externaltools.arm-none.macos64_1.13.0.201701121612/tools/compiler/bin/../lib/gcc/arm-none-eabi/5.4.1/armv6-m/libgcc.a(_clzsi2.o)
                              /Applications/Ac6/SystemWorkbench.app/Contents/Eclipse/plugins/fr.ac6.mcu.externaltools.arm-none.macos64_1.13.0.201701121612/tools/compiler/bin/../lib/gcc/arm-none-eabi/5.4.1/armv6-m/libgcc.a(divdf3.o) (__clzsi2)
/Applications/Ac6/SystemWorkbench.app/Contents/Eclipse/plugins/fr.ac6.mcu.externaltools.arm-none.macos64_1.13.0.201701121612/tools/compiler/bin/../lib/gcc/arm-none-eabi/5.4.1/armv6-m/libgcc.a(eqdf2.o)
                              /Applications/Ac6/SystemWorkbench.app/Contents/Eclipse/plugins/fr.ac6.mcu.externaltools.arm-none.macos64_1.13.0.201701121612/tools/compiler/bin/../lib/gcc/arm-none-eabi/5.4.1/armv6-m/libgcc.a(_arm_cmpdf2.o) (__eqdf2)
/Applications/Ac6/SystemWorkbench.app/Contents/Eclipse/plugins/fr.ac6.mcu.externaltools.arm-none.macos64_1.13.0.201701121612/tools/compiler/bin/../lib/gcc/arm-none-eabi/5.4.1/armv6-m/libgcc.a(gedf2.o)
                              /Applications/Ac6/SystemWorkbench.app/Contents/Eclipse/plugins/fr.ac6.mcu.externaltools.arm-none.macos64_1.13.0.201701121612/tools/compiler/bin/../lib/gcc/arm-none-eabi/5.4.1/armv6-m/libgcc.a(_arm_cmpdf2.o) (__gedf2)
[...]
Memory Configuration

Name             Origin             Length             Attributes
RAM              0x0000000020000000 0x0000000000001000 xrw
ROM              0x0000000008000000 0x0000000000004000 xr
*default*        0x0000000000000000 0xffffffffffffffff

Linker script and memory map

LOAD /Applications/Ac6/SystemWorkbench.app/Contents/Eclipse/plugins/fr.ac6.mcu.externaltools.arm-none.macos64_1.13.0.201701121612/tools/compiler/bin/../lib/gcc/arm-none-eabi/5.4.1/armv6-m/crti.o
LOAD /Applications/Ac6/SystemWorkbench.app/Contents/Eclipse/plugins/fr.ac6.mcu.externaltools.arm-none.macos64_1.13.0.201701121612/tools/compiler/bin/../lib/gcc/arm-none-eabi/5.4.1/armv6-m/crtbegin.o
LOAD /Applications/Ac6/SystemWorkbench.app/Contents/Eclipse/plugins/fr.ac6.mcu.externaltools.arm-none.macos64_1.13.0.201701121612/tools/compiler/bin/../lib/gcc/arm-none-eabi/5.4.1/../../../../arm-none-eabi/lib/armv6-m/crt0.o
LOAD StdPeriph_Driver/src/stm32f0xx_adc.o
LOAD StdPeriph_Driver/src/stm32f0xx_can.o
LOAD StdPeriph_Driver/src/stm32f0xx_cec.o
LOAD StdPeriph_Driver/src/stm32f0xx_comp.o
LOAD StdPeriph_Driver/src/stm32f0xx_crc.o
LOAD StdPeriph_Driver/src/stm32f0xx_crs.o
LOAD StdPeriph_Driver/src/stm32f0xx_dac.o
LOAD StdPeriph_Driver/src/stm32f0xx_dbgmcu.o
LOAD StdPeriph_Driver/src/stm32f0xx_dma.o
LOAD StdPeriph_Driver/src/stm32f0xx_exti.o
LOAD StdPeriph_Driver/src/stm32f0xx_flash.o
LOAD StdPeriph_Driver/src/stm32f0xx_gpio.o
LOAD StdPeriph_Driver/src/stm32f0xx_i2c.o
LOAD StdPeriph_Driver/src/stm32f0xx_iwdg.o
LOAD StdPeriph_Driver/src/stm32f0xx_misc.o
LOAD StdPeriph_Driver/src/stm32f0xx_pwr.o
LOAD StdPeriph_Driver/src/stm32f0xx_rcc.o
LOAD StdPeriph_Driver/src/stm32f0xx_rtc.o
LOAD StdPeriph_Driver/src/stm32f0xx_spi.o
LOAD StdPeriph_Driver/src/stm32f0xx_syscfg.o
LOAD StdPeriph_Driver/src/stm32f0xx_tim.o
LOAD StdPeriph_Driver/src/stm32f0xx_usart.o
LOAD StdPeriph_Driver/src/stm32f0xx_wwdg.o
LOAD src/level0.o
LOAD src/level1.o
LOAD src/level2.o
LOAD src/main.o
LOAD src/stm32f0xx_it.o
LOAD src/system_stm32f0xx.o
LOAD src/usart1.o
LOAD startup/startup_stm32f0xx.o
LOAD /Applications/Ac6/SystemWorkbench.app/Contents/Eclipse/plugins/fr.ac6.mcu.externaltools.arm-none.macos64_1.13.0.201701121612/tools/compiler/bin/../lib/gcc/arm-none-eabi/5.4.1/../../../../arm-none-eabi/lib/armv6-m/libstdc++.a
LOAD /Applications/Ac6/SystemWorkbench.app/Contents/Eclipse/plugins/fr.ac6.mcu.externaltools.arm-none.macos64_1.13.0.201701121612/tools/compiler/bin/../lib/gcc/arm-none-eabi/5.4.1/../../../../arm-none-eabi/lib/armv6-m/libm.a
START GROUP
LOAD /Applications/Ac6/SystemWorkbench.app/Contents/Eclipse/plugins/fr.ac6.mcu.externaltools.arm-none.macos64_1.13.0.201701121612/tools/compiler/bin/../lib/gcc/arm-none-eabi/5.4.1/armv6-m/libgcc.a
LOAD /Applications/Ac6/SystemWorkbench.app/Contents/Eclipse/plugins/fr.ac6.mcu.externaltools.arm-none.macos64_1.13.0.201701121612/tools/compiler/bin/../lib/gcc/arm-none-eabi/5.4.1/../../../../arm-none-eabi/lib/armv6-m/libc.a
END GROUP
LOAD /Applications/Ac6/SystemWorkbench.app/Contents/Eclipse/plugins/fr.ac6.mcu.externaltools.arm-none.macos64_1.13.0.201701121612/tools/compiler/bin/../lib/gcc/arm-none-eabi/5.4.1/armv6-m/crtend.o
LOAD /Applications/Ac6/SystemWorkbench.app/Contents/Eclipse/plugins/fr.ac6.mcu.externaltools.arm-none.macos64_1.13.0.201701121612/tools/compiler/bin/../lib/gcc/arm-none-eabi/5.4.1/armv6-m/crtn.o
                0x0000000020001000                _estack = 0x20001000
                0x0000000000000000                _Min_Heap_Size = 0x0
                0x0000000000000400                _Min_Stack_Size = 0x400

.isr_vector     0x0000000008000000       0xc4
                0x0000000008000000                . = ALIGN (0x4)
 *(.isr_vector)
 .isr_vector    0x0000000008000000       0xc4 startup/startup_stm32f0xx.o
                0x0000000008000000                g_pfnVectors
                0x00000000080000c4                . = ALIGN (0x4)

.text           0x00000000080000c4     0x2d08
                0x00000000080000c4                . = ALIGN (0x4)
 *(.text)
 .text          0x00000000080000c4       0x60 /Applications/Ac6/SystemWorkbench.app/Contents/Eclipse/plugins/fr.ac6.mcu.externaltools.arm-none.macos64_1.13.0.201701121612/tools/compiler/bin/../lib/gcc/arm-none-eabi/5.4.1/armv6-m/crtbegin.o
 .text          0x0000000008000124       0x14 /Applications/Ac6/SystemWorkbench.app/Contents/Eclipse/plugins/fr.ac6.mcu.externaltools.arm-none.macos64_1.13.0.201701121612/tools/compiler/bin/../lib/gcc/arm-none-eabi/5.4.1/armv6-m/libgcc.a(_thumb1_case_uqi.o)
                0x0000000008000124                __gnu_thumb1_case_uqi
 .text          0x0000000008000138      0x114 /Applications/Ac6/SystemWorkbench.app/Contents/Eclipse/plugins/fr.ac6.mcu.externaltools.arm-none.macos64_1.13.0.201701121612/tools/compiler/bin/../lib/gcc/arm-none-eabi/5.4.1/armv6-m/libgcc.a(_udivsi3.o)
                0x0000000008000138                __udivsi3
                0x0000000008000138                __aeabi_uidiv
                0x0000000008000244                __aeabi_uidivmod
 .text          0x000000000800024c        0x4 /Applications/Ac6/SystemWorkbench.app/Contents/Eclipse/plugins/fr.ac6.mcu.externaltools.arm-none.macos64_1.13.0.201701121612/tools/compiler/bin/../lib/gcc/arm-none-eabi/5.4.1/armv6-m/libgcc.a(_dvmd_tls.o)
                0x000000000800024c                __aeabi_ldiv0
                0x000000000800024c                __aeabi_idiv0
 .text          0x0000000008000250       0x3c /Applications/Ac6/SystemWorkbench.app/Contents/Eclipse/plugins/fr.ac6.mcu.externaltools.arm-none.macos64_1.13.0.201701121612/tools/compiler/bin/../lib/gcc/arm-none-eabi/5.4.1/armv6-m/libgcc.a(_fixunsdfsi.o)
                0x0000000008000250                __fixunsdfsi
                0x0000000008000250                __aeabi_d2uiz
 .text          0x000000000800028c      0x62c /Applications/Ac6/SystemWorkbench.app/Contents/Eclipse/plugins/fr.ac6.mcu.externaltools.arm-none.macos64_1.13.0.201701121612/tools/compiler/bin/../lib/gcc/arm-none-eabi/5.4.1/armv6-m/libgcc.a(divdf3.o)
                0x000000000800028c                __aeabi_ddiv
 .text          0x00000000080008b8      0x6a8 /Applications/Ac6/SystemWorkbench.app/Contents/Eclipse/plugins/fr.ac6.mcu.externaltools.arm-none.macos64_1.13.0.201701121612/tools/compiler/bin/../lib/gcc/arm-none-eabi/5.4.1/armv6-m/libgcc.a(subdf3.o)
                0x00000000080008b8                __aeabi_dsub
 .text          0x0000000008000f60       0x6c /Applications/Ac6/SystemWorkbench.app/Contents/Eclipse/plugins/fr.ac6.mcu.externaltools.arm-none.macos64_1.13.0.201701121612/tools/compiler/bin/../lib/gcc/arm-none-eabi/5.4.1/armv6-m/libgcc.a(fixdfsi.o)
                0x0000000008000f60                __aeabi_d2iz
 .text          0x0000000008000fcc       0x70 /Applications/Ac6/SystemWorkbench.app/Contents/Eclipse/plugins/fr.ac6.mcu.externaltools.arm-none.macos64_1.13.0.201701121612/tools/compiler/bin/../lib/gcc/arm-none-eabi/5.4.1/armv6-m/libgcc.a(floatunsidf.o)
                0x0000000008000fcc                __aeabi_ui2d
 .text          0x000000000800103c       0x7c /Applications/Ac6/SystemWorkbench.app/Contents/Eclipse/plugins/fr.ac6.mcu.externaltools.arm-none.macos64_1.13.0.201701121612/tools/compiler/bin/../lib/gcc/arm-none-eabi/5.4.1/armv6-m/libgcc.a(_arm_cmpdf2.o)
                0x000000000800103c                __aeabi_cdrcmple
                0x000000000800104c                __aeabi_cdcmple
                0x000000000800104c                __aeabi_cdcmpeq
                0x000000000800105c                __aeabi_dcmpeq
                0x0000000008001068                __aeabi_dcmplt
                0x000000000800107c                __aeabi_dcmple
                0x0000000008001090                __aeabi_dcmpgt
                0x00000000080010a4                __aeabi_dcmpge
 .text          0x00000000080010b8       0x3c /Applications/Ac6/SystemWorkbench.app/Contents/Eclipse/plugins/fr.ac6.mcu.externaltools.arm-none.macos64_1.13.0.201701121612/tools/compiler/bin/../lib/gcc/arm-none-eabi/5.4.1/armv6-m/libgcc.a(_clzsi2.o)
                0x00000000080010b8                __clzsi2
 .text          0x00000000080010f4       0x80 /Applications/Ac6/SystemWorkbench.app/Contents/Eclipse/plugins/fr.ac6.mcu.externaltools.arm-none.macos64_1.13.0.201701121612/tools/compiler/bin/../lib/gcc/arm-none-eabi/5.4.1/armv6-m/libgcc.a(eqdf2.o)
                0x00000000080010f4                __eqdf2
                0x00000000080010f4                __nedf2
 .text          0x0000000008001174       0xc8 /Applications/Ac6/SystemWorkbench.app/Contents/Eclipse/plugins/fr.ac6.mcu.externaltools.arm-none.macos64_1.13.0.201701121612/tools/compiler/bin/../lib/gcc/arm-none-eabi/5.4.1/armv6-m/libgcc.a(gedf2.o)
                0x0000000008001174                __gtdf2
                0x0000000008001174                __gedf2
 .text          0x000000000800123c       0xd4 /Applications/Ac6/SystemWorkbench.app/Contents/Eclipse/plugins/fr.ac6.mcu.externaltools.arm-none.macos64_1.13.0.201701121612/tools/compiler/bin/../lib/gcc/arm-none-eabi/5.4.1/armv6-m/libgcc.a(ledf2.o)
                0x000000000800123c                __ltdf2
                0x000000000800123c                __ledf2
 *(.text*)
 .text.EXTI_Init
                0x0000000008001310       0x68 StdPeriph_Driver/src/stm32f0xx_exti.o
                0x0000000008001310                EXTI_Init
 .text.EXTI_GetITStatus
                0x0000000008001378       0x14 StdPeriph_Driver/src/stm32f0xx_exti.o
                0x0000000008001378                EXTI_GetITStatus
 .text.EXTI_ClearITPendingBit
                0x000000000800138c        0xc StdPeriph_Driver/src/stm32f0xx_exti.o
                0x000000000800138c                EXTI_ClearITPendingBit
 .text.GPIO_Init
                0x0000000008001398       0x76 StdPeriph_Driver/src/stm32f0xx_gpio.o
                0x0000000008001398                GPIO_Init
 .text.GPIO_SetBits
                0x000000000800140e        0x4 StdPeriph_Driver/src/stm32f0xx_gpio.o
                0x000000000800140e                GPIO_SetBits
 .text.GPIO_ResetBits
                0x0000000008001412        0x4 StdPeriph_Driver/src/stm32f0xx_gpio.o
                0x0000000008001412                GPIO_ResetBits
 .text.GPIO_WriteBit
                0x0000000008001416        0xc StdPeriph_Driver/src/stm32f0xx_gpio.o
                0x0000000008001416                GPIO_WriteBit
 .text.GPIO_PinAFConfig
                0x0000000008001422       0x22 StdPeriph_Driver/src/stm32f0xx_gpio.o
                0x0000000008001422                GPIO_PinAFConfig
 .text.NVIC_Init
                0x0000000008001444       0x58 StdPeriph_Driver/src/stm32f0xx_misc.o
                0x0000000008001444                NVIC_Init
 .text.SysTick_CLKSourceConfig
                0x000000000800149c       0x1c StdPeriph_Driver/src/stm32f0xx_misc.o
                0x000000000800149c                SysTick_CLKSourceConfig
 .text.RCC_GetClocksFreq
                0x00000000080014b8      0x188 StdPeriph_Driver/src/stm32f0xx_rcc.o
                0x00000000080014b8                RCC_GetClocksFreq
 .text.RCC_AHBPeriphClockCmd
                0x0000000008001640       0x18 StdPeriph_Driver/src/stm32f0xx_rcc.o
                0x0000000008001640                RCC_AHBPeriphClockCmd
 .text.RCC_APB2PeriphClockCmd
                0x0000000008001658       0x18 StdPeriph_Driver/src/stm32f0xx_rcc.o
                0x0000000008001658                RCC_APB2PeriphClockCmd
 .text.RCC_AHBPeriphResetCmd
                0x0000000008001670       0x18 StdPeriph_Driver/src/stm32f0xx_rcc.o
                0x0000000008001670                RCC_AHBPeriphResetCmd
 .text.RCC_APB2PeriphResetCmd
                0x0000000008001688       0x18 StdPeriph_Driver/src/stm32f0xx_rcc.o
                0x0000000008001688                RCC_APB2PeriphResetCmd
 .text.RCC_APB1PeriphResetCmd
                0x00000000080016a0       0x18 StdPeriph_Driver/src/stm32f0xx_rcc.o
                0x00000000080016a0                RCC_APB1PeriphResetCmd
 .text.SPI_I2S_DeInit
                0x00000000080016b8       0x44 StdPeriph_Driver/src/stm32f0xx_spi.o
                0x00000000080016b8                SPI_I2S_DeInit
 .text.SPI_Init
                0x00000000080016fc       0x54 StdPeriph_Driver/src/stm32f0xx_spi.o
                0x00000000080016fc                SPI_Init
 .text.SPI_Cmd  0x0000000008001750       0x12 StdPeriph_Driver/src/stm32f0xx_spi.o
                0x0000000008001750                SPI_Cmd
 *fill*         0x0000000008001762        0x2 
 .text.SPI_RxFIFOThresholdConfig
                0x0000000008001764       0x14 StdPeriph_Driver/src/stm32f0xx_spi.o
                0x0000000008001764                SPI_RxFIFOThresholdConfig
 .text.SPI_SendData8
                0x0000000008001778        0x4 StdPeriph_Driver/src/stm32f0xx_spi.o
                0x0000000008001778                SPI_SendData8
 .text.SPI_ReceiveData8
                0x000000000800177c        0x6 StdPeriph_Driver/src/stm32f0xx_spi.o
                0x000000000800177c                SPI_ReceiveData8
 .text.SPI_I2S_GetFlagStatus
                0x0000000008001782        0xe StdPeriph_Driver/src/stm32f0xx_spi.o
                0x0000000008001782                SPI_I2S_GetFlagStatus
 .text.SYSCFG_EXTILineConfig
                0x0000000008001790       0x28 StdPeriph_Driver/src/stm32f0xx_syscfg.o
                0x0000000008001790                SYSCFG_EXTILineConfig
 .text.USART_Init
                0x00000000080017b8       0xb8 StdPeriph_Driver/src/stm32f0xx_usart.o
                0x00000000080017b8                USART_Init
 .text.USART_Cmd
                0x0000000008001870       0x12 StdPeriph_Driver/src/stm32f0xx_usart.o
                0x0000000008001870                USART_Cmd
 .text.USART_SendData
                0x0000000008001882        0x8 StdPeriph_Driver/src/stm32f0xx_usart.o
                0x0000000008001882                USART_SendData
 .text.USART_ITConfig
                0x000000000800188a       0x2e StdPeriph_Driver/src/stm32f0xx_usart.o
                0x000000000800188a                USART_ITConfig
 .text.USART_GetFlagStatus
                0x00000000080018b8        0xe StdPeriph_Driver/src/stm32f0xx_usart.o
                0x00000000080018b8                USART_GetFlagStatus
 .text.USART_GetITStatus
                0x00000000080018c6       0x38 StdPeriph_Driver/src/stm32f0xx_usart.o
                0x00000000080018c6                USART_GetITStatus
 .text.USART_ClearITPendingBit
                0x00000000080018fe        0xa StdPeriph_Driver/src/stm32f0xx_usart.o
                0x00000000080018fe                USART_ClearITPendingBit
 .text.Delay_Init
                0x0000000008001908       0x54 src/level0.o
                0x0000000008001908                Delay_Init
 .text.SysTick_Handler
                0x000000000800195c       0x14 src/level0.o
                0x000000000800195c                SysTick_Handler
 .text.Delay    0x0000000008001970       0x18 src/level0.o
                0x0000000008001970                Delay
 .text.GPIO_Configure
                0x0000000008001988       0x50 src/level0.o
                0x0000000008001988                GPIO_Configure
 .text.EXTI0_Config
                0x00000000080019d8       0x4a src/level0.o
                0x00000000080019d8                EXTI0_Config
 *fill*         0x0000000008001a22        0x2 
 .text.SPI1_Interface_Init
                0x0000000008001a24       0xdc src/level0.o
                0x0000000008001a24                SPI1_Interface_Init
 .text.SX1278Reset
                0x0000000008001b00       0x24 src/level0.o
                0x0000000008001b00                SX1278Reset
 .text.HW_SPI_InOut
                0x0000000008001b24       0x30 src/level0.o
                0x0000000008001b24                HW_SPI_InOut
 .text.EXTI0_1_IRQHandler
                0x0000000008001b54       0x18 src/level0.o
                0x0000000008001b54                EXTI0_1_IRQHandler
 .text.SystemWaitTime
                0x0000000008001b6c       0x14 src/level0.o
                0x0000000008001b6c                SystemWaitTime
 .text.GetDeviceAddress
                0x0000000008001b80       0x10 src/level0.o
                0x0000000008001b80                GetDeviceAddress
 .text.putAddress
                0x0000000008001b90       0x20 src/level0.o
                0x0000000008001b90                putAddress
 .text.Broccoli_Receive
                0x0000000008001bb0       0x74 src/level0.o
                0x0000000008001bb0                Broccoli_Receive
 .text.SX1278_EnOpen
                0x0000000008001c24        0xe src/level0.o
                0x0000000008001c24                SX1278_EnOpen
 .text.SX1278_EnClose
                0x0000000008001c32        0xe src/level0.o
                0x0000000008001c32                SX1278_EnClose
 .text.SX1278_ByteWriteReadfunc
                0x0000000008001c40        0x8 src/level0.o
                0x0000000008001c40                SX1278_ByteWriteReadfunc
 .text.SX1278_RxOpen
                0x0000000008001c48        0x2 src/level1.o
                0x0000000008001c48                SX1278_RxOpen
 .text.SX1278_TxOpen
                0x0000000008001c4a        0x2 src/level1.o
                0x0000000008001c4a                SX1278_TxOpen
 .text.SX1278WriteBuffer
                0x0000000008001c4c       0x1e src/level1.o
                0x0000000008001c4c                SX1278WriteBuffer
 .text.SX1278ReadBuffer
                0x0000000008001c6a       0x20 src/level1.o
                0x0000000008001c6a                SX1278ReadBuffer
 .text.SX1278LoRaSetOpMode
                0x0000000008001c8a       0x1a src/level1.o
                0x0000000008001c8a                SX1278LoRaSetOpMode
 .text.SX1278LoRaFsk
                0x0000000008001ca4       0x1a src/level1.o
                0x0000000008001ca4                SX1278LoRaFsk
 *fill*         0x0000000008001cbe        0x2 
 .text.SX1278LoRaSetRFFrequency
                0x0000000008001cc0       0x3c src/level1.o
                0x0000000008001cc0                SX1278LoRaSetRFFrequency
 .text.SX1278LoRaSetRFPower
                0x0000000008001cfc       0x1c src/level1.o
                0x0000000008001cfc                SX1278LoRaSetRFPower
 .text.SX1278LoRaSetNbTrigPeaks
                0x0000000008001d18       0x1c src/level1.o
                0x0000000008001d18                SX1278LoRaSetNbTrigPeaks
 .text.SX1278LoRaSetSpreadingFactor
                0x0000000008001d34       0x24 src/level1.o
                0x0000000008001d34                SX1278LoRaSetSpreadingFactor
 .text.SX1278LoRaSetErrorCoding
                0x0000000008001d58       0x1e src/level1.o
                0x0000000008001d58                SX1278LoRaSetErrorCoding
 .text.SX1278LoRaSetPacketCrcOn
                0x0000000008001d76       0x1e src/level1.o
                0x0000000008001d76                SX1278LoRaSetPacketCrcOn
 .text.SX1278LoRaSetSignalBandwidth
                0x0000000008001d94       0x1e src/level1.o
                0x0000000008001d94                SX1278LoRaSetSignalBandwidth
 .text.SX1278LoRaSetImplicitHeaderOn
                0x0000000008001db2       0x1c src/level1.o
                0x0000000008001db2                SX1278LoRaSetImplicitHeaderOn
 .text.SX1278LoRaSetSymbTimeout
                0x0000000008001dce       0x2e src/level1.o
                0x0000000008001dce                SX1278LoRaSetSymbTimeout
 .text.SX1278LoRaSetPayloadLength
                0x0000000008001dfc        0xc src/level1.o
                0x0000000008001dfc                SX1278LoRaSetPayloadLength
 .text.SX1278LoRaSetMobileNode
                0x0000000008001e08       0x1e src/level1.o
                0x0000000008001e08                SX1278LoRaSetMobileNode
 *fill*         0x0000000008001e26        0x2 
 .text.SX1278LORA_INT
                0x0000000008001e28       0x88 src/level1.o
                0x0000000008001e28                SX1278LORA_INT
 .text.Radio_SetChannel
                0x0000000008001eb0       0x1c src/level1.o
                0x0000000008001eb0                Radio_SetChannel
 .text.Radio_Send_Package
                0x0000000008001ecc       0x84 src/level1.o
                0x0000000008001ecc                Radio_Send_Package
 .text.Radio_RXMode
                0x0000000008001f50       0x34 src/level1.o
                0x0000000008001f50                Radio_RXMode
 .text.Radio_SleepMode
                0x0000000008001f84       0x28 src/level1.o
                0x0000000008001f84                Radio_SleepMode
 .text.Radio_GetRXBuf
                0x0000000008001fac       0x4e src/level1.o
                0x0000000008001fac                Radio_GetRXBuf
 .text.SX1278_Interupt
                0x0000000008001ffa       0x50 src/level1.o
                0x0000000008001ffa                SX1278_Interupt
 .text.SaveHostAddress
                0x000000000800204a        0x2 src/level2.o
                0x000000000800204a                SaveHostAddress
 .text.LoadHostAddress
                0x000000000800204c       0x10 src/level2.o
                0x000000000800204c                LoadHostAddress
 .text.Broccoli_SendData
                0x000000000800205c       0x48 src/level2.o
                0x000000000800205c                Broccoli_SendData
 .text.Broccoli_Process_R
                0x00000000080020a4      0x14c src/level2.o
 .text.Radio_StartRX
                0x00000000080021f0       0x10 src/level2.o
                0x00000000080021f0                Radio_StartRX
 .text.Radio_RXDone
                0x0000000008002200      0x228 src/level2.o
                0x0000000008002200                Radio_RXDone
 .text.Radio_TXDone
                0x0000000008002428       0x2c src/level2.o
                0x0000000008002428                Radio_TXDone
 .text.Broccoli_INIT
                0x0000000008002454      0x17c src/level2.o
                0x0000000008002454                Broccoli_INIT
 .text.Broccoli_MainProcess
                0x00000000080025d0      0x168 src/level2.o
                0x00000000080025d0                Broccoli_MainProcess
 .text.Broccoli_SendData_Packages.constprop.4
                0x0000000008002738       0xa0 src/level2.o
 .text.Broccoli_SendData_RtoE
                0x00000000080027d8       0x4c src/level2.o
 .text.Broccoli_DownLink
                0x0000000008002824       0x80 src/level2.o
                0x0000000008002824                Broccoli_DownLink
 .text.startup.main
                0x00000000080028a4       0x36 src/main.o
                0x00000000080028a4                main
 .text.NMI_Handler
                0x00000000080028da        0x2 src/stm32f0xx_it.o
                0x00000000080028da                NMI_Handler
 .text.HardFault_Handler
                0x00000000080028dc        0x2 src/stm32f0xx_it.o
                0x00000000080028dc                HardFault_Handler
 .text.SVC_Handler
                0x00000000080028de        0x2 src/stm32f0xx_it.o
                0x00000000080028de                SVC_Handler
 .text.PendSV_Handler
                0x00000000080028e0        0x2 src/stm32f0xx_it.o
                0x00000000080028e0                PendSV_Handler
 *fill*         0x00000000080028e2        0x2 
 .text.SystemInit
                0x00000000080028e4       0xb8 src/system_stm32f0xx.o
                0x00000000080028e4                SystemInit
 .text.halfHEX  0x000000000800299c       0x1a src/usart1.o
                0x000000000800299c                halfHEX
 *fill*         0x00000000080029b6        0x2 
 .text.USART1_Init
                0x00000000080029b8       0x98 src/usart1.o
                0x00000000080029b8                USART1_Init
 .text.USART1_IRQHandler
                0x0000000008002a50       0x20 src/usart1.o
                0x0000000008002a50                USART1_IRQHandler
 .text.putch    0x0000000008002a70       0x1c src/usart1.o
                0x0000000008002a70                putch
 .text.putstr   0x0000000008002a8c       0x14 src/usart1.o
                0x0000000008002a8c                putstr
 .text.putHEX   0x0000000008002aa0       0x1c src/usart1.o
                0x0000000008002aa0                putHEX
 .text.Reset_Handler
                0x0000000008002abc       0x6c startup/startup_stm32f0xx.o
                0x0000000008002abc                Reset_Handler
 .text.Default_Handler
                0x0000000008002b28        0x2 startup/startup_stm32f0xx.o
                0x0000000008002b28                TIM1_BRK_UP_TRG_COM_IRQHandler
                0x0000000008002b28                ADC1_COMP_IRQHandler
                0x0000000008002b28                PVD_IRQHandler
                0x0000000008002b28                I2C1_IRQHandler
                0x0000000008002b28                SPI1_IRQHandler
                0x0000000008002b28                TIM6_DAC_IRQHandler
                0x0000000008002b28                EXTI2_3_IRQHandler
                0x0000000008002b28                I2C2_IRQHandler
                0x0000000008002b28                TIM17_IRQHandler
                0x0000000008002b28                RTC_IRQHandler
                0x0000000008002b28                TIM16_IRQHandler
                0x0000000008002b28                TIM3_IRQHandler
                0x0000000008002b28                EXTI4_15_IRQHandler
                0x0000000008002b28                RCC_IRQHandler
                0x0000000008002b28                DMA1_Channel1_IRQHandler
                0x0000000008002b28                Default_Handler
                0x0000000008002b28                CEC_IRQHandler
                0x0000000008002b28                TIM14_IRQHandler
                0x0000000008002b28                DMA1_Channel4_5_IRQHandler
                0x0000000008002b28                TIM15_IRQHandler
                0x0000000008002b28                SPI2_IRQHandler
                0x0000000008002b28                TS_IRQHandler
                0x0000000008002b28                WWDG_IRQHandler
                0x0000000008002b28                TIM2_IRQHandler
                0x0000000008002b28                DMA1_Channel2_3_IRQHandler
                0x0000000008002b28                USART2_IRQHandler
                0x0000000008002b28                FLASH_IRQHandler
                0x0000000008002b28                TIM1_CC_IRQHandler
 *fill*         0x0000000008002b2a        0x2 
 .text.memcmp   0x0000000008002b2c       0x50 /Applications/Ac6/SystemWorkbench.app/Contents/Eclipse/plugins/fr.ac6.mcu.externaltools.arm-none.macos64_1.13.0.201701121612/tools/compiler/bin/../lib/gcc/arm-none-eabi/5.4.1/../../../../arm-none-eabi/lib/armv6-m/libc.a(lib_a-memcmp.o)
                0x0000000008002b2c                memcmp
 .text.memcpy   0x0000000008002b7c       0x7c /Applications/Ac6/SystemWorkbench.app/Contents/Eclipse/plugins/fr.ac6.mcu.externaltools.arm-none.macos64_1.13.0.201701121612/tools/compiler/bin/../lib/gcc/arm-none-eabi/5.4.1/../../../../arm-none-eabi/lib/armv6-m/libc.a(lib_a-memcpy-stub.o)
                0x0000000008002b7c                memcpy
 .text.memset   0x0000000008002bf8       0x8c /Applications/Ac6/SystemWorkbench.app/Contents/Eclipse/plugins/fr.ac6.mcu.externaltools.arm-none.macos64_1.13.0.201701121612/tools/compiler/bin/../lib/gcc/arm-none-eabi/5.4.1/../../../../arm-none-eabi/lib/armv6-m/libc.a(lib_a-memset.o)
                0x0000000008002bf8                memset
 .text.startup.register_fini
                0x0000000008002c84       0x18 /Applications/Ac6/SystemWorkbench.app/Contents/Eclipse/plugins/fr.ac6.mcu.externaltools.arm-none.macos64_1.13.0.201701121612/tools/compiler/bin/../lib/gcc/arm-none-eabi/5.4.1/../../../../arm-none-eabi/lib/armv6-m/libc.a(lib_a-__call_atexit.o)
 .text.atexit   0x0000000008002c9c       0x10 /Applications/Ac6/SystemWorkbench.app/Contents/Eclipse/plugins/fr.ac6.mcu.externaltools.arm-none.macos64_1.13.0.201701121612/tools/compiler/bin/../lib/gcc/arm-none-eabi/5.4.1/../../../../arm-none-eabi/lib/armv6-m/libc.a(lib_a-atexit.o)
                0x0000000008002c9c                atexit
 .text.__libc_fini_array
                0x0000000008002cac       0x34 /Applications/Ac6/SystemWorkbench.app/Contents/Eclipse/plugins/fr.ac6.mcu.externaltools.arm-none.macos64_1.13.0.201701121612/tools/compiler/bin/../lib/gcc/arm-none-eabi/5.4.1/../../../../arm-none-eabi/lib/armv6-m/libc.a(lib_a-fini.o)
                0x0000000008002cac                __libc_fini_array
 .text.__register_exitproc
                0x0000000008002ce0       0xd4 /Applications/Ac6/SystemWorkbench.app/Contents/Eclipse/plugins/fr.ac6.mcu.externaltools.arm-none.macos64_1.13.0.201701121612/tools/compiler/bin/../lib/gcc/arm-none-eabi/5.4.1/../../../../arm-none-eabi/lib/armv6-m/libc.a(lib_a-__atexit.o)
                0x0000000008002ce0                __register_exitproc
 *(.glue_7)
 .glue_7        0x0000000008002db4        0x0 linker stubs
 *(.glue_7t)
 .glue_7t       0x0000000008002db4        0x0 linker stubs
 *(.eh_frame)
 .eh_frame      0x0000000008002db4        0x0 /Applications/Ac6/SystemWorkbench.app/Contents/Eclipse/plugins/fr.ac6.mcu.externaltools.arm-none.macos64_1.13.0.201701121612/tools/compiler/bin/../lib/gcc/arm-none-eabi/5.4.1/armv6-m/crtbegin.o
 *(.init)
 .init          0x0000000008002db4        0x4 /Applications/Ac6/SystemWorkbench.app/Contents/Eclipse/plugins/fr.ac6.mcu.externaltools.arm-none.macos64_1.13.0.201701121612/tools/compiler/bin/../lib/gcc/arm-none-eabi/5.4.1/armv6-m/crti.o
                0x0000000008002db4                _init
 .init          0x0000000008002db8        0x8 /Applications/Ac6/SystemWorkbench.app/Contents/Eclipse/plugins/fr.ac6.mcu.externaltools.arm-none.macos64_1.13.0.201701121612/tools/compiler/bin/../lib/gcc/arm-none-eabi/5.4.1/armv6-m/crtn.o
 *(.fini)
 .fini          0x0000000008002dc0        0x4 /Applications/Ac6/SystemWorkbench.app/Contents/Eclipse/plugins/fr.ac6.mcu.externaltools.arm-none.macos64_1.13.0.201701121612/tools/compiler/bin/../lib/gcc/arm-none-eabi/5.4.1/armv6-m/crti.o
                0x0000000008002dc0                _fini
 .fini          0x0000000008002dc4        0x8 /Applications/Ac6/SystemWorkbench.app/Contents/Eclipse/plugins/fr.ac6.mcu.externaltools.arm-none.macos64_1.13.0.201701121612/tools/compiler/bin/../lib/gcc/arm-none-eabi/5.4.1/armv6-m/crtn.o
                0x0000000008002dcc                . = ALIGN (0x4)
                0x0000000008002dcc                _etext = .

.vfp11_veneer   0x0000000008002dcc        0x0
 .vfp11_veneer  0x0000000008002dcc        0x0 linker stubs

.v4_bx          0x0000000008002dcc        0x0
 .v4_bx         0x0000000008002dcc        0x0 linker stubs

.iplt           0x0000000008002dcc        0x0
 .iplt          0x0000000008002dcc        0x0 /Applications/Ac6/SystemWorkbench.app/Contents/Eclipse/plugins/fr.ac6.mcu.externaltools.arm-none.macos64_1.13.0.201701121612/tools/compiler/bin/../lib/gcc/arm-none-eabi/5.4.1/armv6-m/crtbegin.o

.rodata         0x0000000008002dcc       0x88
                0x0000000008002dcc                . = ALIGN (0x4)
 *(.rodata)
 .rodata        0x0000000008002dcc       0x40 /Applications/Ac6/SystemWorkbench.app/Contents/Eclipse/plugins/fr.ac6.mcu.externaltools.arm-none.macos64_1.13.0.201701121612/tools/compiler/bin/../lib/gcc/arm-none-eabi/5.4.1/armv6-m/libgcc.a(divdf3.o)
 *(.rodata*)
 .rodata.str1.1
                0x0000000008002e0c       0x23 src/level0.o
 *fill*         0x0000000008002e2f        0x1 
 .rodata.SX1278_Channels
                0x0000000008002e30       0x20 src/level1.o
 .rodata._global_impure_ptr
                0x0000000008002e50        0x4 /Applications/Ac6/SystemWorkbench.app/Contents/Eclipse/plugins/fr.ac6.mcu.externaltools.arm-none.macos64_1.13.0.201701121612/tools/compiler/bin/../lib/gcc/arm-none-eabi/5.4.1/../../../../arm-none-eabi/lib/armv6-m/libc.a(lib_a-impure.o)
                0x0000000008002e50                _global_impure_ptr
                0x0000000008002e54                . = ALIGN (0x4)

.rel.dyn        0x0000000008002e54        0x0
 .rel.iplt      0x0000000008002e54        0x0 /Applications/Ac6/SystemWorkbench.app/Contents/Eclipse/plugins/fr.ac6.mcu.externaltools.arm-none.macos64_1.13.0.201701121612/tools/compiler/bin/../lib/gcc/arm-none-eabi/5.4.1/armv6-m/crtbegin.o

.ARM.extab      0x0000000008002e54        0x0
                0x0000000008002e54                . = ALIGN (0x4)
 *(.ARM.extab* .gnu.linkonce.armextab.*)
                0x0000000008002e54                . = ALIGN (0x4)

.ARM            0x0000000008002e54        0x0
                0x0000000008002e54                . = ALIGN (0x4)
                0x0000000008002e54                __exidx_start = .
 *(.ARM.exidx*)
                0x0000000008002e54                __exidx_end = .
                0x0000000008002e54                . = ALIGN (0x4)

.preinit_array  0x0000000008002e54        0x0
                0x0000000008002e54                . = ALIGN (0x4)
                0x0000000008002e54                PROVIDE (__preinit_array_start, .)
 *(.preinit_array*)
                0x0000000008002e54                PROVIDE (__preinit_array_end, .)
                0x0000000008002e54                . = ALIGN (0x4)

.init_array     0x0000000008002e54        0x8
                0x0000000008002e54                . = ALIGN (0x4)
                0x0000000008002e54                PROVIDE (__init_array_start, .)
 *(SORT(.init_array.*))
 .init_array.00000
                0x0000000008002e54        0x4 /Applications/Ac6/SystemWorkbench.app/Contents/Eclipse/plugins/fr.ac6.mcu.externaltools.arm-none.macos64_1.13.0.201701121612/tools/compiler/bin/../lib/gcc/arm-none-eabi/5.4.1/../../../../arm-none-eabi/lib/armv6-m/libc.a(lib_a-__call_atexit.o)
 *(.init_array*)
 .init_array    0x0000000008002e58        0x4 /Applications/Ac6/SystemWorkbench.app/Contents/Eclipse/plugins/fr.ac6.mcu.externaltools.arm-none.macos64_1.13.0.201701121612/tools/compiler/bin/../lib/gcc/arm-none-eabi/5.4.1/armv6-m/crtbegin.o
                0x0000000008002e5c                PROVIDE (__init_array_end, .)
                0x0000000008002e5c                . = ALIGN (0x4)

.fini_array     0x0000000008002e5c        0x4
                0x0000000008002e5c                . = ALIGN (0x4)
                0x0000000008002e5c                PROVIDE (__fini_array_start, .)
 *(SORT(.fini_array.*))
 *(.fini_array*)
 .fini_array    0x0000000008002e5c        0x4 /Applications/Ac6/SystemWorkbench.app/Contents/Eclipse/plugins/fr.ac6.mcu.externaltools.arm-none.macos64_1.13.0.201701121612/tools/compiler/bin/../lib/gcc/arm-none-eabi/5.4.1/armv6-m/crtbegin.o
                0x0000000008002e60                PROVIDE (__fini_array_end, .)
                0x0000000008002e60                . = ALIGN (0x4)
                0x0000000008002e60                _sidata = LOADADDR (.data)

.data           0x0000000020000000      0x458 load address 0x0000000008002e60
                0x0000000020000000                . = ALIGN (0x4)
                0x0000000020000000                _sdata = .
 *(.data)
 *(.data*)
 .data.APBAHBPrescTable
                0x0000000020000000       0x10 StdPeriph_Driver/src/stm32f0xx_rcc.o
 .data.powerValue
                0x0000000020000010        0x1 src/level1.o
                0x0000000020000010                powerValue
 *fill*         0x0000000020000011        0x3 
 .data.Frequency
                0x0000000020000014        0x4 src/level1.o
                0x0000000020000014                Frequency
 .data.Bw_Frequency
                0x0000000020000018        0x1 src/level1.o
                0x0000000020000018                Bw_Frequency
 .data.power_data
                0x0000000020000019        0x8 src/level1.o
                0x0000000020000019                power_data
 .data.SpreadingFactor
                0x0000000020000021        0x1 src/level1.o
                0x0000000020000021                SpreadingFactor
 .data.CodingRate
                0x0000000020000022        0x1 src/level1.o
                0x0000000020000022                CodingRate
 .data.DeviceType
                0x0000000020000023        0x1 src/level2.o
 .data.pRadioSendBuffer
                0x0000000020000024        0x4 src/level2.o
                0x0000000020000024                pRadioSendBuffer
 .data.pRadioRxBuffer
                0x0000000020000028        0x4 src/level2.o
                0x0000000020000028                pRadioRxBuffer
 *fill*         0x000000002000002c        0x4 
 .data.impure_data
                0x0000000020000030      0x428 /Applications/Ac6/SystemWorkbench.app/Contents/Eclipse/plugins/fr.ac6.mcu.externaltools.arm-none.macos64_1.13.0.201701121612/tools/compiler/bin/../lib/gcc/arm-none-eabi/5.4.1/../../../../arm-none-eabi/lib/armv6-m/libc.a(lib_a-impure.o)
                0x0000000020000458                . = ALIGN (0x4)
                0x0000000020000458                _edata = .

.jcr            0x0000000020000458        0x0 load address 0x00000000080032b8
 .jcr           0x0000000020000458        0x0 /Applications/Ac6/SystemWorkbench.app/Contents/Eclipse/plugins/fr.ac6.mcu.externaltools.arm-none.macos64_1.13.0.201701121612/tools/compiler/bin/../lib/gcc/arm-none-eabi/5.4.1/armv6-m/crtbegin.o

.igot.plt       0x0000000020000458        0x0 load address 0x00000000080032b8
 .igot.plt      0x0000000020000458        0x0 /Applications/Ac6/SystemWorkbench.app/Contents/Eclipse/plugins/fr.ac6.mcu.externaltools.arm-none.macos64_1.13.0.201701121612/tools/compiler/bin/../lib/gcc/arm-none-eabi/5.4.1/armv6-m/crtbegin.o
                0x0000000020000458                . = ALIGN (0x4)

.bss            0x0000000020000458      0x24c load address 0x00000000080032b8
                0x0000000020000458                _sbss = .
                0x0000000020000458                __bss_start__ = _sbss
 *(.bss)
 .bss           0x0000000020000458       0x1c /Applications/Ac6/SystemWorkbench.app/Contents/Eclipse/plugins/fr.ac6.mcu.externaltools.arm-none.macos64_1.13.0.201701121612/tools/compiler/bin/../lib/gcc/arm-none-eabi/5.4.1/armv6-m/crtbegin.o
 *(.bss*)
 .bss.TimingDelay
                0x0000000020000474        0x4 src/level0.o
 .bss.i.6799    0x0000000020000478        0x4 src/level1.o
 .bss.RadioRxBuffer
                0x000000002000047c       0xff src/level2.o
 .bss.CurrentEndDeviceFlag
                0x000000002000057b        0x1 src/level2.o
 .bss.Broccoli_SendFlag
                0x000000002000057c        0x1 src/level2.o
 .bss.BusStatus
                0x000000002000057d        0x1 src/level2.o
 .bss.CurrentChannel
                0x000000002000057e        0x1 src/level2.o
 *fill*         0x000000002000057f        0x1 
 .bss.RadioRxLen
                0x0000000020000580        0x2 src/level2.o
 *(COMMON)
 COMMON         0x0000000020000582      0x11f src/level2.o
                0x0000000020000582                RadioSendBuffer
                0x0000000020000681                BroadCastAddr
                0x0000000020000689                HostAddress
                0x0000000020000691                CurrentEndDeviceAddr
                0x0000000020000699                DeviceAddr
                0x00000000200006a4                . = ALIGN (0x4)
 *fill*         0x00000000200006a1        0x3 
                0x00000000200006a4                _ebss = .
                0x00000000200006a4                __bss_end__ = _ebss

._user_heap_stack
                0x00000000200006a4      0x404 load address 0x00000000080032b8
                0x00000000200006a8                . = ALIGN (0x8)
 *fill*         0x00000000200006a4        0x4 
                [!provide]                        PROVIDE (end, .)
                [!provide]                        PROVIDE (_end, .)
                0x00000000200006a8                . = (. + _Min_Heap_Size)
                0x0000000020000aa8                . = (. + _Min_Stack_Size)
 *fill*         0x00000000200006a8      0x400 
                0x0000000020000aa8                . = ALIGN (0x8)

/DISCARD/
 libc.a(*)
 libm.a(*)
 libgcc.a(*)

.ARM.attributes
                0x0000000000000000       0x28
 *(.ARM.attributes)
 .ARM.attributes
                0x0000000000000000       0x1e /Applications/Ac6/SystemWorkbench.app/Contents/Eclipse/plugins/fr.ac6.mcu.externaltools.arm-none.macos64_1.13.0.201701121612/tools/compiler/bin/../lib/gcc/arm-none-eabi/5.4.1/armv6-m/crti.o
 .ARM.attributes
                0x000000000000001e       0x2c /Applications/Ac6/SystemWorkbench.app/Contents/Eclipse/plugins/fr.ac6.mcu.externaltools.arm-none.macos64_1.13.0.201701121612/tools/compiler/bin/../lib/gcc/arm-none-eabi/5.4.1/armv6-m/crtbegin.o
 .ARM.attributes
                0x000000000000004a       0x31 StdPeriph_Driver/src/stm32f0xx_exti.o
 .ARM.attributes
                0x000000000000007b       0x31 StdPeriph_Driver/src/stm32f0xx_gpio.o
 .ARM.attributes
                0x00000000000000ac       0x31 StdPeriph_Driver/src/stm32f0xx_misc.o
 .ARM.attributes
                0x00000000000000dd       0x31 StdPeriph_Driver/src/stm32f0xx_rcc.o
 .ARM.attributes
                0x000000000000010e       0x31 StdPeriph_Driver/src/stm32f0xx_spi.o
 .ARM.attributes
                0x000000000000013f       0x31 StdPeriph_Driver/src/stm32f0xx_syscfg.o
 .ARM.attributes
                0x0000000000000170       0x31 StdPeriph_Driver/src/stm32f0xx_usart.o
 .ARM.attributes
                0x00000000000001a1       0x31 src/level0.o
 .ARM.attributes
                0x00000000000001d2       0x31 src/level1.o
 .ARM.attributes
                0x0000000000000203       0x31 src/level2.o
 .ARM.attributes
                0x0000000000000234       0x31 src/main.o
 .ARM.attributes
                0x0000000000000265       0x31 src/stm32f0xx_it.o
 .ARM.attributes
                0x0000000000000296       0x31 src/system_stm32f0xx.o
 .ARM.attributes
                0x00000000000002c7       0x31 src/usart1.o
 .ARM.attributes
                0x00000000000002f8       0x21 startup/startup_stm32f0xx.o
 .ARM.attributes
                0x0000000000000319       0x1e /Applications/Ac6/SystemWorkbench.app/Contents/Eclipse/plugins/fr.ac6.mcu.externaltools.arm-none.macos64_1.13.0.201701121612/tools/compiler/bin/../lib/gcc/arm-none-eabi/5.4.1/armv6-m/libgcc.a(_thumb1_case_uqi.o)
 .ARM.attributes
                0x0000000000000337       0x1e /Applications/Ac6/SystemWorkbench.app/Contents/Eclipse/plugins/fr.ac6.mcu.externaltools.arm-none.macos64_1.13.0.201701121612/tools/compiler/bin/../lib/gcc/arm-none-eabi/5.4.1/armv6-m/libgcc.a(_udivsi3.o)
 .ARM.attributes
                0x0000000000000355       0x1e /Applications/Ac6/SystemWorkbench.app/Contents/Eclipse/plugins/fr.ac6.mcu.externaltools.arm-none.macos64_1.13.0.201701121612/tools/compiler/bin/../lib/gcc/arm-none-eabi/5.4.1/armv6-m/libgcc.a(_dvmd_tls.o)
 .ARM.attributes
                0x0000000000000373       0x2c /Applications/Ac6/SystemWorkbench.app/Contents/Eclipse/plugins/fr.ac6.mcu.externaltools.arm-none.macos64_1.13.0.201701121612/tools/compiler/bin/../lib/gcc/arm-none-eabi/5.4.1/armv6-m/libgcc.a(_fixunsdfsi.o)
 .ARM.attributes
                0x000000000000039f       0x2c /Applications/Ac6/SystemWorkbench.app/Contents/Eclipse/plugins/fr.ac6.mcu.externaltools.arm-none.macos64_1.13.0.201701121612/tools/compiler/bin/../lib/gcc/arm-none-eabi/5.4.1/armv6-m/libgcc.a(divdf3.o)
 .ARM.attributes
                0x00000000000003cb       0x2c /Applications/Ac6/SystemWorkbench.app/Contents/Eclipse/plugins/fr.ac6.mcu.externaltools.arm-none.macos64_1.13.0.201701121612/tools/compiler/bin/../lib/gcc/arm-none-eabi/5.4.1/armv6-m/libgcc.a(subdf3.o)
 .ARM.attributes
                0x00000000000003f7       0x2c /Applications/Ac6/SystemWorkbench.app/Contents/Eclipse/plugins/fr.ac6.mcu.externaltools.arm-none.macos64_1.13.0.201701121612/tools/compiler/bin/../lib/gcc/arm-none-eabi/5.4.1/armv6-m/libgcc.a(fixdfsi.o)
 .ARM.attributes
                0x0000000000000423       0x2c /Applications/Ac6/SystemWorkbench.app/Contents/Eclipse/plugins/fr.ac6.mcu.externaltools.arm-none.macos64_1.13.0.201701121612/tools/compiler/bin/../lib/gcc/arm-none-eabi/5.4.1/armv6-m/libgcc.a(floatunsidf.o)
 .ARM.attributes
                0x000000000000044f       0x1e /Applications/Ac6/SystemWorkbench.app/Contents/Eclipse/plugins/fr.ac6.mcu.externaltools.arm-none.macos64_1.13.0.201701121612/tools/compiler/bin/../lib/gcc/arm-none-eabi/5.4.1/armv6-m/libgcc.a(_arm_cmpdf2.o)
 .ARM.attributes
                0x000000000000046d       0x1e /Applications/Ac6/SystemWorkbench.app/Contents/Eclipse/plugins/fr.ac6.mcu.externaltools.arm-none.macos64_1.13.0.201701121612/tools/compiler/bin/../lib/gcc/arm-none-eabi/5.4.1/armv6-m/libgcc.a(_clzsi2.o)
 .ARM.attributes
                0x000000000000048b       0x2c /Applications/Ac6/SystemWorkbench.app/Contents/Eclipse/plugins/fr.ac6.mcu.externaltools.arm-none.macos64_1.13.0.201701121612/tools/compiler/bin/../lib/gcc/arm-none-eabi/5.4.1/armv6-m/libgcc.a(eqdf2.o)
 .ARM.attributes
                0x00000000000004b7       0x2c /Applications/Ac6/SystemWorkbench.app/Contents/Eclipse/plugins/fr.ac6.mcu.externaltools.arm-none.macos64_1.13.0.201701121612/tools/compiler/bin/../lib/gcc/arm-none-eabi/5.4.1/armv6-m/libgcc.a(gedf2.o)
 .ARM.attributes
                0x00000000000004e3       0x2c /Applications/Ac6/SystemWorkbench.app/Contents/Eclipse/plugins/fr.ac6.mcu.externaltools.arm-none.macos64_1.13.0.201701121612/tools/compiler/bin/../lib/gcc/arm-none-eabi/5.4.1/armv6-m/libgcc.a(ledf2.o)
 .ARM.attributes
                0x000000000000050f       0x2c /Applications/Ac6/SystemWorkbench.app/Contents/Eclipse/plugins/fr.ac6.mcu.externaltools.arm-none.macos64_1.13.0.201701121612/tools/compiler/bin/../lib/gcc/arm-none-eabi/5.4.1/../../../../arm-none-eabi/lib/armv6-m/libc.a(lib_a-impure.o)
 .ARM.attributes
                0x000000000000053b       0x2c /Applications/Ac6/SystemWorkbench.app/Contents/Eclipse/plugins/fr.ac6.mcu.externaltools.arm-none.macos64_1.13.0.201701121612/tools/compiler/bin/../lib/gcc/arm-none-eabi/5.4.1/../../../../arm-none-eabi/lib/armv6-m/libc.a(lib_a-memcmp.o)
 .ARM.attributes
                0x0000000000000567       0x2c /Applications/Ac6/SystemWorkbench.app/Contents/Eclipse/plugins/fr.ac6.mcu.externaltools.arm-none.macos64_1.13.0.201701121612/tools/compiler/bin/../lib/gcc/arm-none-eabi/5.4.1/../../../../arm-none-eabi/lib/armv6-m/libc.a(lib_a-memcpy-stub.o)
 .ARM.attributes
                0x0000000000000593       0x2c /Applications/Ac6/SystemWorkbench.app/Contents/Eclipse/plugins/fr.ac6.mcu.externaltools.arm-none.macos64_1.13.0.201701121612/tools/compiler/bin/../lib/gcc/arm-none-eabi/5.4.1/../../../../arm-none-eabi/lib/armv6-m/libc.a(lib_a-memset.o)
 .ARM.attributes
                0x00000000000005bf       0x2c /Applications/Ac6/SystemWorkbench.app/Contents/Eclipse/plugins/fr.ac6.mcu.externaltools.arm-none.macos64_1.13.0.201701121612/tools/compiler/bin/../lib/gcc/arm-none-eabi/5.4.1/../../../../arm-none-eabi/lib/armv6-m/libc.a(lib_a-__call_atexit.o)
 .ARM.attributes
                0x00000000000005eb       0x2c /Applications/Ac6/SystemWorkbench.app/Contents/Eclipse/plugins/fr.ac6.mcu.externaltools.arm-none.macos64_1.13.0.201701121612/tools/compiler/bin/../lib/gcc/arm-none-eabi/5.4.1/../../../../arm-none-eabi/lib/armv6-m/libc.a(lib_a-atexit.o)
 .ARM.attributes
                0x0000000000000617       0x2c /Applications/Ac6/SystemWorkbench.app/Contents/Eclipse/plugins/fr.ac6.mcu.externaltools.arm-none.macos64_1.13.0.201701121612/tools/compiler/bin/../lib/gcc/arm-none-eabi/5.4.1/../../../../arm-none-eabi/lib/armv6-m/libc.a(lib_a-fini.o)
 .ARM.attributes
                0x0000000000000643       0x2c /Applications/Ac6/SystemWorkbench.app/Contents/Eclipse/plugins/fr.ac6.mcu.externaltools.arm-none.macos64_1.13.0.201701121612/tools/compiler/bin/../lib/gcc/arm-none-eabi/5.4.1/../../../../arm-none-eabi/lib/armv6-m/libc.a(lib_a-__atexit.o)
 .ARM.attributes
                0x000000000000066f       0x1e /Applications/Ac6/SystemWorkbench.app/Contents/Eclipse/plugins/fr.ac6.mcu.externaltools.arm-none.macos64_1.13.0.201701121612/tools/compiler/bin/../lib/gcc/arm-none-eabi/5.4.1/armv6-m/crtn.o
OUTPUT(wzl-WZLoRa.elf elf32-littlearm)

.comment        0x0000000000000000       0x6e
 .comment       0x0000000000000000       0x6e StdPeriph_Driver/src/stm32f0xx_exti.o
                                         0x6f (size before relaxing)
 .comment       0x000000000000006e       0x6f StdPeriph_Driver/src/stm32f0xx_gpio.o
 .comment       0x000000000000006e       0x6f StdPeriph_Driver/src/stm32f0xx_misc.o
 .comment       0x000000000000006e       0x6f StdPeriph_Driver/src/stm32f0xx_rcc.o
 .comment       0x000000000000006e       0x6f StdPeriph_Driver/src/stm32f0xx_spi.o
 .comment       0x000000000000006e       0x6f StdPeriph_Driver/src/stm32f0xx_syscfg.o
 .comment       0x000000000000006e       0x6f StdPeriph_Driver/src/stm32f0xx_usart.o
 .comment       0x000000000000006e       0x6f src/level0.o
 .comment       0x000000000000006e       0x6f src/level1.o
 .comment       0x000000000000006e       0x6f src/level2.o
 .comment       0x000000000000006e       0x6f src/main.o
 .comment       0x000000000000006e       0x6f src/stm32f0xx_it.o
 .comment       0x000000000000006e       0x6f src/system_stm32f0xx.o
 .comment       0x000000000000006e       0x6f src/usart1.o

.debug_line     0x0000000000000000       0x92
 .debug_line    0x0000000000000000       0x92 startup/startup_stm32f0xx.o

.debug_info     0x0000000000000000       0x83
 .debug_info    0x0000000000000000       0x83 startup/startup_stm32f0xx.o

.debug_abbrev   0x0000000000000000       0x12
 .debug_abbrev  0x0000000000000000       0x12 startup/startup_stm32f0xx.o

.debug_aranges  0x0000000000000000       0x28
 .debug_aranges
                0x0000000000000000       0x28 startup/startup_stm32f0xx.o

.debug_ranges   0x0000000000000000       0x20
 .debug_ranges  0x0000000000000000       0x20 startup/startup_stm32f0xx.o

.debug_frame    0x0000000000000000      0x328
 .debug_frame   0x0000000000000000       0x20 /Applications/Ac6/SystemWorkbench.app/Contents/Eclipse/plugins/fr.ac6.mcu.externaltools.arm-none.macos64_1.13.0.201701121612/tools/compiler/bin/../lib/gcc/arm-none-eabi/5.4.1/armv6-m/libgcc.a(_udivsi3.o)
 .debug_frame   0x0000000000000020       0x2c /Applications/Ac6/SystemWorkbench.app/Contents/Eclipse/plugins/fr.ac6.mcu.externaltools.arm-none.macos64_1.13.0.201701121612/tools/compiler/bin/../lib/gcc/arm-none-eabi/5.4.1/armv6-m/libgcc.a(_fixunsdfsi.o)
 .debug_frame   0x000000000000004c       0x3c /Applications/Ac6/SystemWorkbench.app/Contents/Eclipse/plugins/fr.ac6.mcu.externaltools.arm-none.macos64_1.13.0.201701121612/tools/compiler/bin/../lib/gcc/arm-none-eabi/5.4.1/armv6-m/libgcc.a(divdf3.o)
 .debug_frame   0x0000000000000088       0x38 /Applications/Ac6/SystemWorkbench.app/Contents/Eclipse/plugins/fr.ac6.mcu.externaltools.arm-none.macos64_1.13.0.201701121612/tools/compiler/bin/../lib/gcc/arm-none-eabi/5.4.1/armv6-m/libgcc.a(subdf3.o)
 .debug_frame   0x00000000000000c0       0x2c /Applications/Ac6/SystemWorkbench.app/Contents/Eclipse/plugins/fr.ac6.mcu.externaltools.arm-none.macos64_1.13.0.201701121612/tools/compiler/bin/../lib/gcc/arm-none-eabi/5.4.1/armv6-m/libgcc.a(fixdfsi.o)
 .debug_frame   0x00000000000000ec       0x2c /Applications/Ac6/SystemWorkbench.app/Contents/Eclipse/plugins/fr.ac6.mcu.externaltools.arm-none.macos64_1.13.0.201701121612/tools/compiler/bin/../lib/gcc/arm-none-eabi/5.4.1/armv6-m/libgcc.a(floatunsidf.o)
 .debug_frame   0x0000000000000118       0x38 /Applications/Ac6/SystemWorkbench.app/Contents/Eclipse/plugins/fr.ac6.mcu.externaltools.arm-none.macos64_1.13.0.201701121612/tools/compiler/bin/../lib/gcc/arm-none-eabi/5.4.1/armv6-m/libgcc.a(eqdf2.o)
 .debug_frame   0x0000000000000150       0x38 /Applications/Ac6/SystemWorkbench.app/Contents/Eclipse/plugins/fr.ac6.mcu.externaltools.arm-none.macos64_1.13.0.201701121612/tools/compiler/bin/../lib/gcc/arm-none-eabi/5.4.1/armv6-m/libgcc.a(gedf2.o)
 .debug_frame   0x0000000000000188       0x38 /Applications/Ac6/SystemWorkbench.app/Contents/Eclipse/plugins/fr.ac6.mcu.externaltools.arm-none.macos64_1.13.0.201701121612/tools/compiler/bin/../lib/gcc/arm-none-eabi/5.4.1/armv6-m/libgcc.a(ledf2.o)
 .debug_frame   0x00000000000001c0       0x2c /Applications/Ac6/SystemWorkbench.app/Contents/Eclipse/plugins/fr.ac6.mcu.externaltools.arm-none.macos64_1.13.0.201701121612/tools/compiler/bin/../lib/gcc/arm-none-eabi/5.4.1/../../../../arm-none-eabi/lib/armv6-m/libc.a(lib_a-memcmp.o)
 .debug_frame   0x00000000000001ec       0x2c /Applications/Ac6/SystemWorkbench.app/Contents/Eclipse/plugins/fr.ac6.mcu.externaltools.arm-none.macos64_1.13.0.201701121612/tools/compiler/bin/../lib/gcc/arm-none-eabi/5.4.1/../../../../arm-none-eabi/lib/armv6-m/libc.a(lib_a-memcpy-stub.o)
 .debug_frame   0x0000000000000218       0x2c /Applications/Ac6/SystemWorkbench.app/Contents/Eclipse/plugins/fr.ac6.mcu.externaltools.arm-none.macos64_1.13.0.201701121612/tools/compiler/bin/../lib/gcc/arm-none-eabi/5.4.1/../../../../arm-none-eabi/lib/armv6-m/libc.a(lib_a-memset.o)
 .debug_frame   0x0000000000000244       0x54 /Applications/Ac6/SystemWorkbench.app/Contents/Eclipse/plugins/fr.ac6.mcu.externaltools.arm-none.macos64_1.13.0.201701121612/tools/compiler/bin/../lib/gcc/arm-none-eabi/5.4.1/../../../../arm-none-eabi/lib/armv6-m/libc.a(lib_a-__call_atexit.o)
 .debug_frame   0x0000000000000298       0x28 /Applications/Ac6/SystemWorkbench.app/Contents/Eclipse/plugins/fr.ac6.mcu.externaltools.arm-none.macos64_1.13.0.201701121612/tools/compiler/bin/../lib/gcc/arm-none-eabi/5.4.1/../../../../arm-none-eabi/lib/armv6-m/libc.a(lib_a-atexit.o)
 .debug_frame   0x00000000000002c0       0x2c /Applications/Ac6/SystemWorkbench.app/Contents/Eclipse/plugins/fr.ac6.mcu.externaltools.arm-none.macos64_1.13.0.201701121612/tools/compiler/bin/../lib/gcc/arm-none-eabi/5.4.1/../../../../arm-none-eabi/lib/armv6-m/libc.a(lib_a-fini.o)
 .debug_frame   0x00000000000002ec       0x3c /Applications/Ac6/SystemWorkbench.app/Contents/Eclipse/plugins/fr.ac6.mcu.externaltools.arm-none.macos64_1.13.0.201701121612/tools/compiler/bin/../lib/gcc/arm-none-eabi/5.4.1/../../../../arm-none-eabi/lib/armv6-m/libc.a(lib_a-__atexit.o)
